C51 COMPILER V9.60.7.0   MAIN                                                              07/08/2024 00:17:44 PAGE 1   


C51 COMPILER V9.60.7.0, COMPILATION OF MODULE MAIN
OBJECT MODULE PLACED IN .\Objects\main.obj
COMPILER INVOKED BY: D:\study\embedded\program\c51\C51\BIN\C51.EXE main.c OPTIMIZE(8,SPEED) BROWSE DEBUG OBJECTEXTEND PR
                    -INT(.\Listings\main.lst) OBJECT(.\Objects\main.obj)

line level    source

   1          #include <REGX52.H>
   2          #include "LCD1602.h"
   3          #include "DS1302.h"
   4          #inlcude "Key.h"
*** WARNING C315 IN LINE 4 OF main.c: unknown #directive 'inlcude'
   5          #include "Timer0.h"
   6          
   7          unsigned char second;
   8          unsigned char KeyNum;  // 当前按钮
   9          unsigned char Mode=0;
  10          unsigned char TimeSelect=0;  // 当前要设置的时间
  11          unsigned char TimeSelectFlashFlag;  // 时间设置显示标志位
  12          
  13          // 显示当前时间
  14          void Show_Time(){
  15   1              unsigned char i;
  16   1              // 读取时间然后进行显示
  17   1              DS1302_ReadTime();
*** WARNING C206 IN LINE 17 OF main.c: 'DS1302_ReadTime': missing function-prototype
  18   1              
  19   1              // 第一行显示年月日
  20   1              for (i=0; i<3; ++i){
  21   2                      LCD_ShowNum(1, 3*i+1, DSl302_Time[i], 2);
  22   2              }
  23   1              // 第二行显示时分秒、星期
  24   1              for (i=0; i<4; ++i){
  25   2                      LCD_ShowNum(2, 3*i+1, DSl302_Time[i+3], 2);
  26   2              }
  27   1      }
  28          
  29          // 设置当前时间
  30          void Set_Time(){
  31   1              unsigned char i;
  32   1              
  33   1              // 2用来调整需要设置的时间
  34   1              if (KeyNum == 2){
  35   2                      TimeSelect++;
  36   2                      TimeSelect %= 6;  // 设置当前需要设置的时间
  37   2                      // LCD_ShowNum(2, 13, TimeSelect, 2);
  38   2              }
  39   1              // 按键3用来加
  40   1              if (KeyNum == 3){
  41   2                      // 这里进行越界判断
  42   2                      DSl302_Time[TimeSelect]++;
  43   2                      if (DSl302_Time[0] > 99) DSl302_Time[0] = 0;  // 年
  44   2                      if (DSl302_Time[1] > 12)        DSl302_Time[1] = 1;  // 月
  45   2                      
  46   2                      if (DSl302_Time[1]==1 || DSl302_Time[1]==3 || DSl302_Time[1]==5 || DSl302_Time[1]==7
  47   2                              || DSl302_Time[1]==8 || DSl302_Time[1]==10 || DSl302_Time[1]==12){
  48   3                                      if (DSl302_Time[2] > 31) DSl302_Time[2] = 1;
  49   3                              }
  50   2                      else if (DSl302_Time[1]==4 || DSl302_Time[1]==6 || DSl302_Time[1]==9 || DSl302_Time[1]==11){
  51   3                              if (DSl302_Time[2] > 30) DSl302_Time[2] = 1;
  52   3                      }
C51 COMPILER V9.60.7.0   MAIN                                                              07/08/2024 00:17:44 PAGE 2   

  53   2                      else{
  54   3                              // 二月特殊情况
  55   3                              if (DSl302_Time[0] % 4 == 0){
  56   4                                      if (DSl302_Time[2] > 29) DSl302_Time[2] = 1;
  57   4                              }
  58   3                              else{
  59   4                                      if (DSl302_Time[2] > 28) DSl302_Time[2] = 1;
  60   4                              }
  61   3                      }
  62   2                      if (DSl302_Time[3] > 23)        DSl302_Time[3] = 0;  // 小时
  63   2                      if (DSl302_Time[4] > 59) DSl302_Time[4] = 0;  // 分钟
  64   2                      if (DSl302_Time[5] > 59)        DSl302_Time[5] = 0;  // 秒
  65   2              }
  66   1              // 按键4用来减
  67   1              if (KeyNum == 4){
  68   2                      DSl302_Time[TimeSelect]--;
  69   2                      if (DSl302_Time[0] < 0) DSl302_Time[0] = 99;  // 年
  70   2                      if (DSl302_Time[1] < 1) DSl302_Time[1] = 12;  // 月
  71   2                      if (DSl302_Time[1]==1 || DSl302_Time[1]==3 || DSl302_Time[1]==5 || DSl302_Time[1]==7
  72   2                              || DSl302_Time[1]==8 || DSl302_Time[1]==10 || DSl302_Time[1]==12){
  73   3                                      if (DSl302_Time[2] < 1) DSl302_Time[2] = 31;
  74   3                                      // if (DSl302_Time[2] > 31) DSl302_Time[2] = 1;
  75   3                              }
  76   2                      else if (DSl302_Time[1]==4 || DSl302_Time[1]==6 || DSl302_Time[1]==9 || DSl302_Time[1]==11){
  77   3                              if (DSl302_Time[2] < 1) DSl302_Time[2] = 30;
  78   3                              // if (DSl302_Time[2] > 30) DSl302_Time[2] = 1;
  79   3                      }
  80   2                      else{
  81   3                              // 二月特殊情况
  82   3                              if (DSl302_Time[0] % 4 == 0){
  83   4                                      if (DSl302_Time[2] < 1) DSl302_Time[2] = 29;
  84   4                                      // if (DSl302_Time[2] > 29) DSl302_Time[2] = 1;
  85   4                              }
  86   3                              else{
  87   4                                      if (DSl302_Time[2] < 1) DSl302_Time[2] = 28;
  88   4                                      // if (DSl302_Time[2] > 28) DSl302_Time[2] = 1;
  89   4                              }
  90   3                      }
  91   2                      if (DSl302_Time[3] < 0) DSl302_Time[3] = 23;  // 小时
  92   2                      if (DSl302_Time[4] < 0) DSl302_Time[4] = 59;  // 分钟
  93   2                      if (DSl302_Time[5] < 0) DSl302_Time[5] = 59;  // 秒
  94   2              }       
  95   1              
  96   1              // 更新显示，这里要进行闪烁显示
  97   1              // 闪烁当前选中位，因此只有选中当前位置，同时flash标志位为1，才可以进行闪
             -烁
  98   1              // 第一行显示年月日
  99   1              for (i=0; i<3; ++i){
 100   2                      if (TimeSelect==i && TimeSelectFlashFlag){LCD_ShowString(1, 3*i+1, "  ");}
 101   2                      else {LCD_ShowNum(1, 3*i+1, DSl302_Time[i], 2);}
 102   2              }
 103   1              // 第二行显示时分秒、星期
 104   1              for (i=0; i<4; ++i){
 105   2                      if (TimeSelect==i+3 && TimeSelectFlashFlag){LCD_ShowString(2, 3*i+1, "  ");}
 106   2                      else {LCD_ShowNum(2, 3*i+1, DSl302_Time[i+3], 2);}
 107   2              }
 108   1              
 109   1              DS1302_SetTime();
 110   1      }
 111          
 112          
 113          void main(){
C51 COMPILER V9.60.7.0   MAIN                                                              07/08/2024 00:17:44 PAGE 3   

 114   1              LCD_Init();
 115   1              DS1302_Init();
 116   1              // 初始化定时器，进行一秒的闪烁
 117   1              Timer0_Init();
 118   1              DS1302_SetTime();  // 初始化当前时间
 119   1              LCD_ShowString(1, 0, "  -  -");
 120   1              LCD_ShowString(2, 0, "  :  :  -");
 121   1              
 122   1              while(1){
 123   2                      KeyNum = Key();  // 获取当前按钮
*** WARNING C206 IN LINE 123 OF main.c: 'Key': missing function-prototype
 124   2                      if (KeyNum){
 125   3                              if (KeyNum == 1){
 126   4                                      if (!Mode) Mode=1;
 127   4                                      else {Mode=0; DS1302_SetTime(); }  // 重新设置时间
 128   4                              }
 129   3                      }
 130   2                      
 131   2                      if (Mode==0){
 132   3                              Show_Time();
 133   3                      }
 134   2                      else{
 135   3                              Set_Time();
 136   3                      }
 137   2                      
 138   2                      
 139   2              }
 140   1      }
 141          
 142          // 定时器中断函数，进行闪烁
 143          void Timer0_Routine(void) interrupt 1{
 144   1              // 这里一毫秒跳转到中断
 145   1              static unsigned int T0Count;  // 使用static，函数执行结束不清零，静态局部变量
 146   1              
 147   1              // 重置一毫秒
 148   1              TL0 = 0x66;                             //设置定时初始值
 149   1              TH0 = 0xFC;                             //设置定时初始值
 150   1              T0Count++;
 151   1              
 152   1              // 一秒
 153   1              if (T0Count >= 1000){
 154   2                      T0Count = 0;
 155   2                      TimeSelectFlashFlag = !TimeSelectFlashFlag;  // 逻辑取反
 156   2              }
 157   1      }  


MODULE INFORMATION:   STATIC OVERLAYABLE
   CODE SIZE        =    791    ----
   CONSTANT SIZE    =     20    ----
   XDATA SIZE       =   ----    ----
   PDATA SIZE       =   ----    ----
   DATA SIZE        =      7       2
   IDATA SIZE       =   ----    ----
   BIT SIZE         =   ----    ----
END OF MODULE INFORMATION.


C51 COMPILATION COMPLETE.  3 WARNING(S),  0 ERROR(S)
